// Jest Snapshot v1, https://goo.gl/fbAQLP

exports[`NameLocationBio Matches snapshot 1`] = `
ShallowWrapper {
  "length": 1,
  Symbol(enzyme.__root__): [Circular],
  Symbol(enzyme.__unrendered__): <NameLocationBio
    firstName="foo"
    lastName="bar"
    zipCode="02920"
  />,
  Symbol(enzyme.__renderer__): Object {
    "batchedUpdates": [Function],
    "getNode": [Function],
    "render": [Function],
    "simulateEvent": [Function],
    "unmount": [Function],
  },
  Symbol(enzyme.__node__): Object {
    "instance": null,
    "key": undefined,
    "nodeType": "host",
    "props": Object {
      "children": Array [
        <WithStyles(Typography)
          className="nabi-text-center nabi-text-mediumbold nabi-margin-bottom-xsmall"
        >
          foo bar
        </WithStyles(Typography)>,
        <WithStyles(Typography)
          className="nabi-text-center nabi-margin-bottom-medium"
        >
          02920
        </WithStyles(Typography)>,
      ],
    },
    "ref": null,
    "rendered": Array [
      Object {
        "instance": null,
        "key": undefined,
        "nodeType": "class",
        "props": Object {
          "children": "foo bar",
          "className": "nabi-text-center nabi-text-mediumbold nabi-margin-bottom-xsmall",
        },
        "ref": null,
        "rendered": "foo bar",
        "type": [Function],
      },
      Object {
        "instance": null,
        "key": undefined,
        "nodeType": "class",
        "props": Object {
          "children": "02920",
          "className": "nabi-text-center nabi-margin-bottom-medium",
        },
        "ref": null,
        "rendered": "02920",
        "type": [Function],
      },
    ],
    "type": "div",
  },
  Symbol(enzyme.__nodes__): Array [
    Object {
      "instance": null,
      "key": undefined,
      "nodeType": "host",
      "props": Object {
        "children": Array [
          <WithStyles(Typography)
            className="nabi-text-center nabi-text-mediumbold nabi-margin-bottom-xsmall"
          >
            foo bar
          </WithStyles(Typography)>,
          <WithStyles(Typography)
            className="nabi-text-center nabi-margin-bottom-medium"
          >
            02920
          </WithStyles(Typography)>,
        ],
      },
      "ref": null,
      "rendered": Array [
        Object {
          "instance": null,
          "key": undefined,
          "nodeType": "class",
          "props": Object {
            "children": "foo bar",
            "className": "nabi-text-center nabi-text-mediumbold nabi-margin-bottom-xsmall",
          },
          "ref": null,
          "rendered": "foo bar",
          "type": [Function],
        },
        Object {
          "instance": null,
          "key": undefined,
          "nodeType": "class",
          "props": Object {
            "children": "02920",
            "className": "nabi-text-center nabi-margin-bottom-medium",
          },
          "ref": null,
          "rendered": "02920",
          "type": [Function],
        },
      ],
      "type": "div",
    },
  ],
  Symbol(enzyme.__options__): Object {
    "adapter": ReactSixteenAdapter {
      "options": Object {
        "enableComponentDidUpdateOnSetState": true,
      },
    },
  },
}
`;
