// Jest Snapshot v1, https://goo.gl/fbAQLP

exports[`NameLocationBio Matches snapshot 1`] = `
ShallowWrapper {
  "length": 1,
  Symbol(enzyme.__root__): [Circular],
  Symbol(enzyme.__unrendered__): <NameLocationBio
    changeBio={[MockFunction]}
    firstName="foo"
    lastName="bar"
    zipCode="02920"
  />,
  Symbol(enzyme.__renderer__): Object {
    "batchedUpdates": [Function],
    "getNode": [Function],
    "render": [Function],
    "simulateEvent": [Function],
    "unmount": [Function],
  },
  Symbol(enzyme.__node__): Object {
    "instance": null,
    "key": undefined,
    "nodeType": "host",
    "props": Object {
      "children": Array [
        <WithStyles(Typography)
          className="nabi-text-center nabi-text-mediumbold nabi-margin-bottom-xsmall"
        >
          foo bar
        </WithStyles(Typography)>,
        <WithStyles(Typography)
          className="nabi-text-center nabi-margin-bottom-medium"
        >
          02920
        </WithStyles(Typography)>,
        <WithStyles(Typography)
          className="nabi-margin-top-small"
          variant="body2"
        >
          Bio *
        </WithStyles(Typography)>,
        <TextField
          fullWidth={true}
          id="bio"
          margin="normal"
          multiline={true}
          name="bio"
          onChange={[MockFunction]}
          placeholder="What would you like your students to know  about you?"
          required={true}
          rows={6}
          select={false}
        />,
        <WithStyles(Divider)
          className="nabi-margin-top-small"
        />,
      ],
    },
    "ref": null,
    "rendered": Array [
      Object {
        "instance": null,
        "key": undefined,
        "nodeType": "class",
        "props": Object {
          "children": "foo bar",
          "className": "nabi-text-center nabi-text-mediumbold nabi-margin-bottom-xsmall",
        },
        "ref": null,
        "rendered": "foo bar",
        "type": [Function],
      },
      Object {
        "instance": null,
        "key": undefined,
        "nodeType": "class",
        "props": Object {
          "children": "02920",
          "className": "nabi-text-center nabi-margin-bottom-medium",
        },
        "ref": null,
        "rendered": "02920",
        "type": [Function],
      },
      Object {
        "instance": null,
        "key": undefined,
        "nodeType": "class",
        "props": Object {
          "children": "Bio *",
          "className": "nabi-margin-top-small",
          "variant": "body2",
        },
        "ref": null,
        "rendered": "Bio *",
        "type": [Function],
      },
      Object {
        "instance": null,
        "key": undefined,
        "nodeType": "function",
        "props": Object {
          "fullWidth": true,
          "id": "bio",
          "margin": "normal",
          "multiline": true,
          "name": "bio",
          "onChange": [MockFunction],
          "placeholder": "What would you like your students to know  about you?",
          "required": true,
          "rows": 6,
          "select": false,
        },
        "ref": null,
        "rendered": null,
        "type": [Function],
      },
      Object {
        "instance": null,
        "key": undefined,
        "nodeType": "class",
        "props": Object {
          "className": "nabi-margin-top-small",
        },
        "ref": null,
        "rendered": null,
        "type": [Function],
      },
    ],
    "type": "div",
  },
  Symbol(enzyme.__nodes__): Array [
    Object {
      "instance": null,
      "key": undefined,
      "nodeType": "host",
      "props": Object {
        "children": Array [
          <WithStyles(Typography)
            className="nabi-text-center nabi-text-mediumbold nabi-margin-bottom-xsmall"
          >
            foo bar
          </WithStyles(Typography)>,
          <WithStyles(Typography)
            className="nabi-text-center nabi-margin-bottom-medium"
          >
            02920
          </WithStyles(Typography)>,
          <WithStyles(Typography)
            className="nabi-margin-top-small"
            variant="body2"
          >
            Bio *
          </WithStyles(Typography)>,
          <TextField
            fullWidth={true}
            id="bio"
            margin="normal"
            multiline={true}
            name="bio"
            onChange={[MockFunction]}
            placeholder="What would you like your students to know  about you?"
            required={true}
            rows={6}
            select={false}
          />,
          <WithStyles(Divider)
            className="nabi-margin-top-small"
          />,
        ],
      },
      "ref": null,
      "rendered": Array [
        Object {
          "instance": null,
          "key": undefined,
          "nodeType": "class",
          "props": Object {
            "children": "foo bar",
            "className": "nabi-text-center nabi-text-mediumbold nabi-margin-bottom-xsmall",
          },
          "ref": null,
          "rendered": "foo bar",
          "type": [Function],
        },
        Object {
          "instance": null,
          "key": undefined,
          "nodeType": "class",
          "props": Object {
            "children": "02920",
            "className": "nabi-text-center nabi-margin-bottom-medium",
          },
          "ref": null,
          "rendered": "02920",
          "type": [Function],
        },
        Object {
          "instance": null,
          "key": undefined,
          "nodeType": "class",
          "props": Object {
            "children": "Bio *",
            "className": "nabi-margin-top-small",
            "variant": "body2",
          },
          "ref": null,
          "rendered": "Bio *",
          "type": [Function],
        },
        Object {
          "instance": null,
          "key": undefined,
          "nodeType": "function",
          "props": Object {
            "fullWidth": true,
            "id": "bio",
            "margin": "normal",
            "multiline": true,
            "name": "bio",
            "onChange": [MockFunction],
            "placeholder": "What would you like your students to know  about you?",
            "required": true,
            "rows": 6,
            "select": false,
          },
          "ref": null,
          "rendered": null,
          "type": [Function],
        },
        Object {
          "instance": null,
          "key": undefined,
          "nodeType": "class",
          "props": Object {
            "className": "nabi-margin-top-small",
          },
          "ref": null,
          "rendered": null,
          "type": [Function],
        },
      ],
      "type": "div",
    },
  ],
  Symbol(enzyme.__options__): Object {
    "adapter": ReactSixteenAdapter {
      "options": Object {
        "enableComponentDidUpdateOnSetState": true,
      },
    },
  },
}
`;
