// Jest Snapshot v1, https://goo.gl/fbAQLP

exports[`Education Shallow Matches snapshot 1`] = `
ShallowWrapper {
  "length": 1,
  Symbol(enzyme.__root__): [Circular],
  Symbol(enzyme.__unrendered__): <Education
    updateInstructor={[MockFunction]}
    userId=""
  />,
  Symbol(enzyme.__renderer__): Object {
    "batchedUpdates": [Function],
    "getNode": [Function],
    "render": [Function],
    "simulateEvent": [Function],
    "unmount": [Function],
  },
  Symbol(enzyme.__node__): Object {
    "instance": null,
    "key": undefined,
    "nodeType": "host",
    "props": Object {
      "children": Array [
        Array [],
        <WithStyles(Typography)
          className="nabi-margin-top-small"
          variant="body2"
        >
          Add Education
        </WithStyles(Typography)>,
        <EducationFields
          addEducation={[Function]}
          degreeType="Bachelor's Degree"
          fieldOfStudy=""
          graduationYear=""
          handleChange={[Function]}
          schoolName=""
        />,
      ],
    },
    "ref": null,
    "rendered": Array [
      Object {
        "instance": null,
        "key": undefined,
        "nodeType": "class",
        "props": Object {
          "children": "Add Education",
          "className": "nabi-margin-top-small",
          "variant": "body2",
        },
        "ref": null,
        "rendered": "Add Education",
        "type": [Function],
      },
      Object {
        "instance": null,
        "key": undefined,
        "nodeType": "function",
        "props": Object {
          "addEducation": [Function],
          "degreeType": "Bachelor's Degree",
          "fieldOfStudy": "",
          "graduationYear": "",
          "handleChange": [Function],
          "schoolName": "",
        },
        "ref": null,
        "rendered": null,
        "type": [Function],
      },
    ],
    "type": "div",
  },
  Symbol(enzyme.__nodes__): Array [
    Object {
      "instance": null,
      "key": undefined,
      "nodeType": "host",
      "props": Object {
        "children": Array [
          Array [],
          <WithStyles(Typography)
            className="nabi-margin-top-small"
            variant="body2"
          >
            Add Education
          </WithStyles(Typography)>,
          <EducationFields
            addEducation={[Function]}
            degreeType="Bachelor's Degree"
            fieldOfStudy=""
            graduationYear=""
            handleChange={[Function]}
            schoolName=""
          />,
        ],
      },
      "ref": null,
      "rendered": Array [
        Object {
          "instance": null,
          "key": undefined,
          "nodeType": "class",
          "props": Object {
            "children": "Add Education",
            "className": "nabi-margin-top-small",
            "variant": "body2",
          },
          "ref": null,
          "rendered": "Add Education",
          "type": [Function],
        },
        Object {
          "instance": null,
          "key": undefined,
          "nodeType": "function",
          "props": Object {
            "addEducation": [Function],
            "degreeType": "Bachelor's Degree",
            "fieldOfStudy": "",
            "graduationYear": "",
            "handleChange": [Function],
            "schoolName": "",
          },
          "ref": null,
          "rendered": null,
          "type": [Function],
        },
      ],
      "type": "div",
    },
  ],
  Symbol(enzyme.__options__): Object {
    "adapter": ReactSixteenAdapter {
      "options": Object {
        "enableComponentDidUpdateOnSetState": true,
      },
    },
  },
}
`;
